<?xml version="1.0" encoding="ISO-8859-1" ?>
<link_info>
   <banner>TI ARM Linker PC v20.2.5.LTS</banner>
   <copyright>Copyright (c) 1996-2018 Texas Instruments Incorporated</copyright>
   <link_time>0x643121ff</link_time>
   <link_errors>0x0</link_errors>
   <output_file>RNA_Empty(traditional).out</output_file>
   <entry_point>
      <name>_c_int00_noargs</name>
      <address>0x2a79</address>
   </entry_point>
   <input_file_list>
      <input_file id="fl-2">
         <path>.\</path>
         <kind>object</kind>
         <file>main.obj</file>
         <name>main.obj</name>
      </input_file>
      <input_file id="fl-3">
         <path>.\</path>
         <kind>object</kind>
         <file>startup_msp432p401r_ccs.obj</file>
         <name>startup_msp432p401r_ccs.obj</name>
      </input_file>
      <input_file id="fl-4">
         <path>.\</path>
         <kind>object</kind>
         <file>system_msp432p401r.obj</file>
         <name>system_msp432p401r.obj</name>
      </input_file>
      <input_file id="fl-5">
         <path>.\hardware\</path>
         <kind>object</kind>
         <file>adc.obj</file>
         <name>adc.obj</name>
      </input_file>
      <input_file id="fl-6">
         <path>.\hardware\</path>
         <kind>object</kind>
         <file>key.obj</file>
         <name>key.obj</name>
      </input_file>
      <input_file id="fl-7">
         <path>.\hardware\</path>
         <kind>object</kind>
         <file>key4x4.obj</file>
         <name>key4x4.obj</name>
      </input_file>
      <input_file id="fl-8">
         <path>.\hardware\</path>
         <kind>object</kind>
         <file>led.obj</file>
         <name>led.obj</name>
      </input_file>
      <input_file id="fl-9">
         <path>.\hardware\</path>
         <kind>object</kind>
         <file>oled.obj</file>
         <name>oled.obj</name>
      </input_file>
      <input_file id="fl-a">
         <path>.\hardware\</path>
         <kind>object</kind>
         <file>tim32.obj</file>
         <name>tim32.obj</name>
      </input_file>
      <input_file id="fl-b">
         <path>.\hardware\</path>
         <kind>object</kind>
         <file>timA.obj</file>
         <name>timA.obj</name>
      </input_file>
      <input_file id="fl-c">
         <path>.\sys\</path>
         <kind>object</kind>
         <file>baudrate_calculate.obj</file>
         <name>baudrate_calculate.obj</name>
      </input_file>
      <input_file id="fl-d">
         <path>.\sys\</path>
         <kind>object</kind>
         <file>delay.obj</file>
         <name>delay.obj</name>
      </input_file>
      <input_file id="fl-e">
         <path>.\sys\</path>
         <kind>object</kind>
         <file>sysinit.obj</file>
         <name>sysinit.obj</name>
      </input_file>
      <input_file id="fl-f">
         <path>.\sys\</path>
         <kind>object</kind>
         <file>usart.obj</file>
         <name>usart.obj</name>
      </input_file>
      <input_file id="fl-18">
         <kind>object</kind>
         <file>&lt;internal&gt;</file>
         <name>&lt;internal&gt;</name>
      </input_file>
      <input_file id="fl-19">
         <path>D:\ti\simplelink_msp432p4_sdk_3_40_01_02\source\ti\devices\msp432p4xx\driverlib\ccs\</path>
         <kind>archive</kind>
         <file>msp432p4xx_driverlib.lib</file>
         <name>adc14.o</name>
      </input_file>
      <input_file id="fl-1a">
         <path>D:\ti\simplelink_msp432p4_sdk_3_40_01_02\source\ti\devices\msp432p4xx\driverlib\ccs\</path>
         <kind>archive</kind>
         <file>msp432p4xx_driverlib.lib</file>
         <name>cs.o</name>
      </input_file>
      <input_file id="fl-1b">
         <path>D:\ti\simplelink_msp432p4_sdk_3_40_01_02\source\ti\devices\msp432p4xx\driverlib\ccs\</path>
         <kind>archive</kind>
         <file>msp432p4xx_driverlib.lib</file>
         <name>i2c.o</name>
      </input_file>
      <input_file id="fl-1c">
         <path>D:\ti\simplelink_msp432p4_sdk_3_40_01_02\source\ti\devices\msp432p4xx\driverlib\ccs\</path>
         <kind>archive</kind>
         <file>msp432p4xx_driverlib.lib</file>
         <name>interrupt.o</name>
      </input_file>
      <input_file id="fl-1d">
         <path>D:\ti\simplelink_msp432p4_sdk_3_40_01_02\source\ti\devices\msp432p4xx\driverlib\ccs\</path>
         <kind>archive</kind>
         <file>msp432p4xx_driverlib.lib</file>
         <name>sysctl_a.o</name>
      </input_file>
      <input_file id="fl-1e">
         <path>D:\ti\simplelink_msp432p4_sdk_3_40_01_02\source\ti\devices\msp432p4xx\driverlib\ccs\</path>
         <kind>archive</kind>
         <file>msp432p4xx_driverlib.lib</file>
         <name>timer_a.o</name>
      </input_file>
      <input_file id="fl-1f">
         <path>D:\ti\simplelink_msp432p4_sdk_3_40_01_02\source\ti\devices\msp432p4xx\driverlib\ccs\</path>
         <kind>archive</kind>
         <file>msp432p4xx_driverlib.lib</file>
         <name>uart.o</name>
      </input_file>
      <input_file id="fl-20">
         <path>D:\ti\simplelink_msp432p4_sdk_3_40_01_02\source\ti\devices\msp432p4xx\driverlib\ccs\</path>
         <kind>archive</kind>
         <file>msp432p4xx_driverlib.lib</file>
         <name>cpu.o</name>
      </input_file>
      <input_file id="fl-d6">
         <path>D:\ti\ccs1040\ccs\tools\compiler\ti-cgt-arm_20.2.5.LTS\lib\</path>
         <kind>archive</kind>
         <file>rtsv7M4_T_le_v4SPD16_eabi.lib</file>
         <name>vsprintf.c.obj</name>
      </input_file>
      <input_file id="fl-d7">
         <path>D:\ti\ccs1040\ccs\tools\compiler\ti-cgt-arm_20.2.5.LTS\lib\</path>
         <kind>archive</kind>
         <file>rtsv7M4_T_le_v4SPD16_eabi.lib</file>
         <name>memcpy_t2.asm.obj</name>
      </input_file>
      <input_file id="fl-d8">
         <path>D:\ti\ccs1040\ccs\tools\compiler\ti-cgt-arm_20.2.5.LTS\lib\</path>
         <kind>archive</kind>
         <file>rtsv7M4_T_le_v4SPD16_eabi.lib</file>
         <name>copy_zero_init.c.obj</name>
      </input_file>
      <input_file id="fl-d9">
         <path>D:\ti\ccs1040\ccs\tools\compiler\ti-cgt-arm_20.2.5.LTS\lib\</path>
         <kind>archive</kind>
         <file>rtsv7M4_T_le_v4SPD16_eabi.lib</file>
         <name>copy_decompress_none.c.obj</name>
      </input_file>
      <input_file id="fl-da">
         <path>D:\ti\ccs1040\ccs\tools\compiler\ti-cgt-arm_20.2.5.LTS\lib\</path>
         <kind>archive</kind>
         <file>rtsv7M4_T_le_v4SPD16_eabi.lib</file>
         <name>copy_decompress_lzss.c.obj</name>
      </input_file>
      <input_file id="fl-db">
         <path>D:\ti\ccs1040\ccs\tools\compiler\ti-cgt-arm_20.2.5.LTS\lib\</path>
         <kind>archive</kind>
         <file>rtsv7M4_T_le_v4SPD16_eabi.lib</file>
         <name>strlen.c.obj</name>
      </input_file>
      <input_file id="fl-dc">
         <path>D:\ti\ccs1040\ccs\tools\compiler\ti-cgt-arm_20.2.5.LTS\lib\</path>
         <kind>archive</kind>
         <file>rtsv7M4_T_le_v4SPD16_eabi.lib</file>
         <name>boot_cortex_m.c.obj</name>
      </input_file>
      <input_file id="fl-dd">
         <path>D:\ti\ccs1040\ccs\tools\compiler\ti-cgt-arm_20.2.5.LTS\lib\</path>
         <kind>archive</kind>
         <file>rtsv7M4_T_le_v4SPD16_eabi.lib</file>
         <name>_printfi.c.obj</name>
      </input_file>
      <input_file id="fl-de">
         <path>D:\ti\ccs1040\ccs\tools\compiler\ti-cgt-arm_20.2.5.LTS\lib\</path>
         <kind>archive</kind>
         <file>rtsv7M4_T_le_v4SPD16_eabi.lib</file>
         <name>s_frexp.c.obj</name>
      </input_file>
      <input_file id="fl-df">
         <path>D:\ti\ccs1040\ccs\tools\compiler\ti-cgt-arm_20.2.5.LTS\lib\</path>
         <kind>archive</kind>
         <file>rtsv7M4_T_le_v4SPD16_eabi.lib</file>
         <name>s_scalbn.c.obj</name>
      </input_file>
      <input_file id="fl-e0">
         <path>D:\ti\ccs1040\ccs\tools\compiler\ti-cgt-arm_20.2.5.LTS\lib\</path>
         <kind>archive</kind>
         <file>rtsv7M4_T_le_v4SPD16_eabi.lib</file>
         <name>wcslen.c.obj</name>
      </input_file>
      <input_file id="fl-e1">
         <path>D:\ti\ccs1040\ccs\tools\compiler\ti-cgt-arm_20.2.5.LTS\lib\</path>
         <kind>archive</kind>
         <file>rtsv7M4_T_le_v4SPD16_eabi.lib</file>
         <name>fd_add_t2.asm.obj</name>
      </input_file>
      <input_file id="fl-e2">
         <path>D:\ti\ccs1040\ccs\tools\compiler\ti-cgt-arm_20.2.5.LTS\lib\</path>
         <kind>archive</kind>
         <file>rtsv7M4_T_le_v4SPD16_eabi.lib</file>
         <name>fd_cmp_t2.asm.obj</name>
      </input_file>
      <input_file id="fl-e3">
         <path>D:\ti\ccs1040\ccs\tools\compiler\ti-cgt-arm_20.2.5.LTS\lib\</path>
         <kind>archive</kind>
         <file>rtsv7M4_T_le_v4SPD16_eabi.lib</file>
         <name>fd_div_t2.asm.obj</name>
      </input_file>
      <input_file id="fl-e4">
         <path>D:\ti\ccs1040\ccs\tools\compiler\ti-cgt-arm_20.2.5.LTS\lib\</path>
         <kind>archive</kind>
         <file>rtsv7M4_T_le_v4SPD16_eabi.lib</file>
         <name>fd_mul_t2.asm.obj</name>
      </input_file>
      <input_file id="fl-e5">
         <path>D:\ti\ccs1040\ccs\tools\compiler\ti-cgt-arm_20.2.5.LTS\lib\</path>
         <kind>archive</kind>
         <file>rtsv7M4_T_le_v4SPD16_eabi.lib</file>
         <name>fd_toi_t2.asm.obj</name>
      </input_file>
      <input_file id="fl-e6">
         <path>D:\ti\ccs1040\ccs\tools\compiler\ti-cgt-arm_20.2.5.LTS\lib\</path>
         <kind>archive</kind>
         <file>rtsv7M4_T_le_v4SPD16_eabi.lib</file>
         <name>i_tofd_t2.asm.obj</name>
      </input_file>
      <input_file id="fl-e7">
         <path>D:\ti\ccs1040\ccs\tools\compiler\ti-cgt-arm_20.2.5.LTS\lib\</path>
         <kind>archive</kind>
         <file>rtsv7M4_T_le_v4SPD16_eabi.lib</file>
         <name>ull_div_t2.asm.obj</name>
      </input_file>
      <input_file id="fl-e8">
         <path>D:\ti\ccs1040\ccs\tools\compiler\ti-cgt-arm_20.2.5.LTS\lib\</path>
         <kind>archive</kind>
         <file>rtsv7M4_T_le_v4SPD16_eabi.lib</file>
         <name>memset_t2.asm.obj</name>
      </input_file>
      <input_file id="fl-e9">
         <path>D:\ti\ccs1040\ccs\tools\compiler\ti-cgt-arm_20.2.5.LTS\lib\</path>
         <kind>archive</kind>
         <file>rtsv7M4_T_le_v4SPD16_eabi.lib</file>
         <name>autoinit.c.obj</name>
      </input_file>
      <input_file id="fl-ea">
         <path>D:\ti\ccs1040\ccs\tools\compiler\ti-cgt-arm_20.2.5.LTS\lib\</path>
         <kind>archive</kind>
         <file>rtsv7M4_T_le_v4SPD16_eabi.lib</file>
         <name>pre_init.c.obj</name>
      </input_file>
      <input_file id="fl-eb">
         <path>D:\ti\ccs1040\ccs\tools\compiler\ti-cgt-arm_20.2.5.LTS\lib\</path>
         <kind>archive</kind>
         <file>rtsv7M4_T_le_v4SPD16_eabi.lib</file>
         <name>cpy_tbl.c.obj</name>
      </input_file>
      <input_file id="fl-ec">
         <path>D:\ti\ccs1040\ccs\tools\compiler\ti-cgt-arm_20.2.5.LTS\lib\</path>
         <kind>archive</kind>
         <file>rtsv7M4_T_le_v4SPD16_eabi.lib</file>
         <name>exit.c.obj</name>
      </input_file>
      <input_file id="fl-ed">
         <path>D:\ti\ccs1040\ccs\tools\compiler\ti-cgt-arm_20.2.5.LTS\lib\</path>
         <kind>archive</kind>
         <file>rtsv7M4_T_le_v4SPD16_eabi.lib</file>
         <name>_lock.c.obj</name>
      </input_file>
      <input_file id="fl-ee">
         <path>D:\ti\ccs1040\ccs\tools\compiler\ti-cgt-arm_20.2.5.LTS\lib\</path>
         <kind>archive</kind>
         <file>rtsv7M4_T_le_v4SPD16_eabi.lib</file>
         <name>_ltoa.c.obj</name>
      </input_file>
      <input_file id="fl-ef">
         <path>D:\ti\ccs1040\ccs\tools\compiler\ti-cgt-arm_20.2.5.LTS\lib\</path>
         <kind>archive</kind>
         <file>rtsv7M4_T_le_v4SPD16_eabi.lib</file>
         <name>args_main.c.obj</name>
      </input_file>
      <input_file id="fl-f0">
         <path>D:\ti\ccs1040\ccs\tools\compiler\ti-cgt-arm_20.2.5.LTS\lib\</path>
         <kind>archive</kind>
         <file>rtsv7M4_T_le_v4SPD16_eabi.lib</file>
         <name>atoi.c.obj</name>
      </input_file>
      <input_file id="fl-f1">
         <path>D:\ti\ccs1040\ccs\tools\compiler\ti-cgt-arm_20.2.5.LTS\lib\</path>
         <kind>archive</kind>
         <file>rtsv7M4_T_le_v4SPD16_eabi.lib</file>
         <name>ctype.c.obj</name>
      </input_file>
      <input_file id="fl-f2">
         <path>D:\ti\ccs1040\ccs\tools\compiler\ti-cgt-arm_20.2.5.LTS\lib\</path>
         <kind>archive</kind>
         <file>rtsv7M4_T_le_v4SPD16_eabi.lib</file>
         <name>memccpy.c.obj</name>
      </input_file>
      <input_file id="fl-f3">
         <path>D:\ti\ccs1040\ccs\tools\compiler\ti-cgt-arm_20.2.5.LTS\lib\</path>
         <kind>archive</kind>
         <file>rtsv7M4_T_le_v4SPD16_eabi.lib</file>
         <name>strchr.c.obj</name>
      </input_file>
      <input_file id="fl-f4">
         <path>D:\ti\ccs1040\ccs\tools\compiler\ti-cgt-arm_20.2.5.LTS\lib\</path>
         <kind>archive</kind>
         <file>rtsv7M4_T_le_v4SPD16_eabi.lib</file>
         <name>errno.c.obj</name>
      </input_file>
      <input_file id="fl-f5">
         <path>D:\ti\ccs1040\ccs\tools\compiler\ti-cgt-arm_20.2.5.LTS\lib\</path>
         <kind>archive</kind>
         <file>rtsv7M4_T_le_v4SPD16_eabi.lib</file>
         <name>s_copysign.c.obj</name>
      </input_file>
      <input_file id="fl-f6">
         <path>D:\ti\ccs1040\ccs\tools\compiler\ti-cgt-arm_20.2.5.LTS\lib\</path>
         <kind>archive</kind>
         <file>rtsv7M4_T_le_v4SPD16_eabi.lib</file>
         <name>div0.asm.obj</name>
      </input_file>
   </input_file_list>
   <object_component_list>
      <object_component id="oc-1f9">
         <name>.text:__TI_printfi</name>
         <load_address>0x20</load_address>
         <run_address>0x20</run_address>
         <size>0xa4e</size>
         <input_file_ref idref="fl-dd"/>
      </object_component>
      <object_component id="oc-5b">
         <name>.text:Default_Handler</name>
         <load_address>0xa6e</load_address>
         <run_address>0xa6e</run_address>
         <size>0x2</size>
         <input_file_ref idref="fl-3"/>
      </object_component>
      <object_component id="oc-2ad">
         <name>.text:_pconv_a</name>
         <load_address>0xa70</load_address>
         <run_address>0xa70</run_address>
         <size>0x270</size>
         <input_file_ref idref="fl-dd"/>
      </object_component>
      <object_component id="oc-1a9">
         <name>.text:eusci_calcBaudDividers</name>
         <load_address>0xce0</load_address>
         <run_address>0xce0</run_address>
         <size>0x1e0</size>
         <input_file_ref idref="fl-c"/>
      </object_component>
      <object_component id="oc-29b">
         <name>.text:_pconv_g</name>
         <load_address>0xec0</load_address>
         <run_address>0xec0</run_address>
         <size>0x1d0</size>
         <input_file_ref idref="fl-dd"/>
      </object_component>
      <object_component id="oc-34d">
         <name>.text</name>
         <load_address>0x1090</load_address>
         <run_address>0x1090</run_address>
         <size>0x1b6</size>
         <input_file_ref idref="fl-e1"/>
      </object_component>
      <object_component id="oc-3bf">
         <name>.text</name>
         <load_address>0x1246</load_address>
         <run_address>0x1246</run_address>
         <size>0x2</size>
         <input_file_ref idref="fl-f6"/>
      </object_component>
      <object_component id="oc-2a7">
         <name>.text:_pconv_e</name>
         <load_address>0x1248</load_address>
         <run_address>0x1248</run_address>
         <size>0x13c</size>
         <input_file_ref idref="fl-dd"/>
      </object_component>
      <object_component id="oc-333">
         <name>.text</name>
         <load_address>0x1384</load_address>
         <run_address>0x1384</run_address>
         <size>0x136</size>
         <input_file_ref idref="fl-e3"/>
      </object_component>
      <object_component id="oc-35f">
         <name>.text:fcvt</name>
         <load_address>0x14bc</load_address>
         <run_address>0x14bc</run_address>
         <size>0x124</size>
         <input_file_ref idref="fl-dd"/>
      </object_component>
      <object_component id="oc-1af">
         <name>.text:UART_initModule</name>
         <load_address>0x15e0</load_address>
         <run_address>0x15e0</run_address>
         <size>0x11c</size>
         <input_file_ref idref="fl-1f"/>
      </object_component>
      <object_component id="oc-373">
         <name>.text:scalbn</name>
         <load_address>0x16fc</load_address>
         <run_address>0x16fc</run_address>
         <size>0x110</size>
         <input_file_ref idref="fl-df"/>
      </object_component>
      <object_component id="oc-260">
         <name>.text:_CSComputeCLKFrequency</name>
         <load_address>0x180c</load_address>
         <run_address>0x180c</run_address>
         <size>0x104</size>
         <input_file_ref idref="fl-1a"/>
      </object_component>
      <object_component id="oc-32e">
         <name>.text</name>
         <load_address>0x1910</load_address>
         <run_address>0x1910</run_address>
         <size>0xfc</size>
         <input_file_ref idref="fl-e4"/>
      </object_component>
      <object_component id="oc-30c">
         <name>.text:CS_getDCOFrequency</name>
         <load_address>0x1a0c</load_address>
         <run_address>0x1a0c</run_address>
         <size>0xf8</size>
         <input_file_ref idref="fl-1a"/>
      </object_component>
      <object_component id="oc-23a">
         <name>.text:CS_startHFXTWithTimeout</name>
         <load_address>0x1b04</load_address>
         <run_address>0x1b04</run_address>
         <size>0xe4</size>
         <input_file_ref idref="fl-1a"/>
      </object_component>
      <object_component id="oc-67">
         <name>.text:TA2_N_IRQHandler</name>
         <load_address>0x1be8</load_address>
         <run_address>0x1be8</run_address>
         <size>0xe4</size>
         <input_file_ref idref="fl-b"/>
      </object_component>
      <object_component id="oc-241">
         <name>.text:CS_startLFXTWithTimeout</name>
         <load_address>0x1ccc</load_address>
         <run_address>0x1ccc</run_address>
         <size>0xe0</size>
         <input_file_ref idref="fl-1a"/>
      </object_component>
      <object_component id="oc-2e6">
         <name>.text:_CSGetHFXTFrequency</name>
         <load_address>0x1dac</load_address>
         <run_address>0x1dac</run_address>
         <size>0xdc</size>
         <input_file_ref idref="fl-1a"/>
      </object_component>
      <object_component id="oc-290">
         <name>.text:_ltostr</name>
         <load_address>0x1e88</load_address>
         <run_address>0x1e88</run_address>
         <size>0xb1</size>
         <input_file_ref idref="fl-dd"/>
      </object_component>
      <object_component id="oc-10a">
         <name>.text:SysInit</name>
         <load_address>0x1f3c</load_address>
         <run_address>0x1f3c</run_address>
         <size>0xa4</size>
         <input_file_ref idref="fl-e"/>
      </object_component>
      <object_component id="oc-25">
         <name>.text</name>
         <load_address>0x1fe0</load_address>
         <run_address>0x1fe0</run_address>
         <size>0x9c</size>
         <input_file_ref idref="fl-d7"/>
      </object_component>
      <object_component id="oc-327">
         <name>.text</name>
         <load_address>0x207c</load_address>
         <run_address>0x207c</run_address>
         <size>0x96</size>
         <input_file_ref idref="fl-e7"/>
      </object_component>
      <object_component id="oc-3ac">
         <name>.text:SysCtl_A_getTLVInfo</name>
         <load_address>0x2114</load_address>
         <run_address>0x2114</run_address>
         <size>0x94</size>
         <input_file_ref idref="fl-1d"/>
      </object_component>
      <object_component id="oc-6d">
         <name>.text:ADC14_IRQHandler</name>
         <load_address>0x21a8</load_address>
         <run_address>0x21a8</run_address>
         <size>0x8c</size>
         <input_file_ref idref="fl-5"/>
      </object_component>
      <object_component id="oc-296">
         <name>.text:__aeabi_cdcmple</name>
         <load_address>0x2234</load_address>
         <run_address>0x2234</run_address>
         <size>0x86</size>
         <input_file_ref idref="fl-e2"/>
      </object_component>
      <object_component id="oc-338">
         <name>.text:__aeabi_cdrcmple</name>
         <load_address>0x22ba</load_address>
         <run_address>0x22ba</run_address>
         <size>0x86</size>
         <input_file_ref idref="fl-e2"/>
      </object_component>
      <object_component id="oc-3b2">
         <name>.text:_CSGetDOCFrequency</name>
         <load_address>0x2340</load_address>
         <run_address>0x2340</run_address>
         <size>0x7c</size>
         <input_file_ref idref="fl-1a"/>
      </object_component>
      <object_component id="oc-9f">
         <name>.text</name>
         <load_address>0x23bc</load_address>
         <run_address>0x23bc</run_address>
         <size>0x7a</size>
         <input_file_ref idref="fl-e8"/>
      </object_component>
      <object_component id="oc-bd">
         <name>.text:SystemInit</name>
         <load_address>0x2438</load_address>
         <run_address>0x2438</run_address>
         <size>0x78</size>
         <input_file_ref idref="fl-4"/>
      </object_component>
      <object_component id="oc-358">
         <name>.text:_mcpy</name>
         <load_address>0x24b0</load_address>
         <run_address>0x24b0</run_address>
         <size>0x6e</size>
         <input_file_ref idref="fl-dd"/>
      </object_component>
      <object_component id="oc-6">
         <name>.text:decompress:lzss:__TI_decompress_lzss</name>
         <load_address>0x251e</load_address>
         <run_address>0x251e</run_address>
         <size>0x68</size>
         <input_file_ref idref="fl-da"/>
      </object_component>
      <object_component id="oc-d6">
         <name>.text:printf</name>
         <load_address>0x2588</load_address>
         <run_address>0x2588</run_address>
         <size>0x68</size>
         <input_file_ref idref="fl-f"/>
      </object_component>
      <object_component id="oc-36d">
         <name>.text:frexp</name>
         <load_address>0x25f0</load_address>
         <run_address>0x25f0</run_address>
         <size>0x64</size>
         <input_file_ref idref="fl-de"/>
      </object_component>
      <object_component id="oc-300">
         <name>.text:_CSGetDividerValue</name>
         <load_address>0x2654</load_address>
         <run_address>0x2654</run_address>
         <size>0x62</size>
         <input_file_ref idref="fl-1a"/>
      </object_component>
      <object_component id="oc-110">
         <name>.text:uart_init</name>
         <load_address>0x26b8</load_address>
         <run_address>0x26b8</run_address>
         <size>0x5c</size>
         <input_file_ref idref="fl-f"/>
      </object_component>
      <object_component id="oc-2a1">
         <name>.text:_pconv_f</name>
         <load_address>0x2714</load_address>
         <run_address>0x2714</run_address>
         <size>0x56</size>
         <input_file_ref idref="fl-dd"/>
      </object_component>
      <object_component id="oc-d0">
         <name>.text:ADC14_getMultiSequenceResult</name>
         <load_address>0x276c</load_address>
         <run_address>0x276c</run_address>
         <size>0x54</size>
         <input_file_ref idref="fl-19"/>
      </object_component>
      <object_component id="oc-342">
         <name>.text:__TI_ltoa</name>
         <load_address>0x27c0</load_address>
         <run_address>0x27c0</run_address>
         <size>0x54</size>
         <input_file_ref idref="fl-ee"/>
      </object_component>
      <object_component id="oc-352">
         <name>.text:_ecpy</name>
         <load_address>0x2814</load_address>
         <run_address>0x2814</run_address>
         <size>0x52</size>
         <input_file_ref idref="fl-dd"/>
      </object_component>
      <object_component id="oc-7f">
         <name>.text:PORT1_IRQHandler</name>
         <load_address>0x2868</load_address>
         <run_address>0x2868</run_address>
         <size>0x4c</size>
         <input_file_ref idref="fl-6"/>
      </object_component>
      <object_component id="oc-28a">
         <name>.text:atoi</name>
         <load_address>0x28b4</load_address>
         <run_address>0x28b4</run_address>
         <size>0x4c</size>
         <input_file_ref idref="fl-f0"/>
      </object_component>
      <object_component id="oc-33d">
         <name>.text</name>
         <load_address>0x2900</load_address>
         <run_address>0x2900</run_address>
         <size>0x48</size>
         <input_file_ref idref="fl-e5"/>
      </object_component>
      <object_component id="oc-12e">
         <name>.text:__TI_auto_init_nobinit_nopinit:__TI_auto_init_nobinit_nopinit</name>
         <load_address>0x2948</load_address>
         <run_address>0x2948</run_address>
         <size>0x44</size>
         <input_file_ref idref="fl-e9"/>
      </object_component>
      <object_component id="oc-ec">
         <name>.text:key_delay</name>
         <load_address>0x298c</load_address>
         <run_address>0x298c</run_address>
         <size>0x40</size>
         <input_file_ref idref="fl-6"/>
      </object_component>
      <object_component id="oc-365">
         <name>.text:_fcpy</name>
         <load_address>0x29cc</load_address>
         <run_address>0x29cc</run_address>
         <size>0x3e</size>
         <input_file_ref idref="fl-dd"/>
      </object_component>
      <object_component id="oc-ab">
         <name>.text:main</name>
         <load_address>0x2a0c</load_address>
         <run_address>0x2a0c</run_address>
         <size>0x38</size>
         <input_file_ref idref="fl-2"/>
      </object_component>
      <object_component id="oc-17c">
         <name>.text:UART_transmitData</name>
         <load_address>0x2a44</load_address>
         <run_address>0x2a44</run_address>
         <size>0x34</size>
         <input_file_ref idref="fl-1f"/>
      </object_component>
      <object_component id="oc-43">
         <name>.text:_c_int00_noargs:_c_int00_noargs</name>
         <load_address>0x2a78</load_address>
         <run_address>0x2a78</run_address>
         <size>0x34</size>
         <input_file_ref idref="fl-dc"/>
      </object_component>
      <object_component id="oc-306">
         <name>.text:CS_clearInterruptFlag</name>
         <load_address>0x2aac</load_address>
         <run_address>0x2aac</run_address>
         <size>0x30</size>
         <input_file_ref idref="fl-1a"/>
      </object_component>
      <object_component id="oc-348">
         <name>.text</name>
         <load_address>0x2adc</load_address>
         <run_address>0x2adc</run_address>
         <size>0x2e</size>
         <input_file_ref idref="fl-e6"/>
      </object_component>
      <object_component id="oc-61">
         <name>.text:TA0_0_IRQHandler</name>
         <load_address>0x2b0c</load_address>
         <run_address>0x2b0c</run_address>
         <size>0x2c</size>
         <input_file_ref idref="fl-b"/>
      </object_component>
      <object_component id="oc-24e">
         <name>.text:CS_getACLK</name>
         <load_address>0x2b38</load_address>
         <run_address>0x2b38</run_address>
         <size>0x28</size>
         <input_file_ref idref="fl-1a"/>
      </object_component>
      <object_component id="oc-1b9">
         <name>.text:CS_getMCLK</name>
         <load_address>0x2b60</load_address>
         <run_address>0x2b60</run_address>
         <size>0x28</size>
         <input_file_ref idref="fl-1a"/>
      </object_component>
      <object_component id="oc-248">
         <name>.text:CS_getSMCLK</name>
         <load_address>0x2b88</load_address>
         <run_address>0x2b88</run_address>
         <size>0x28</size>
         <input_file_ref idref="fl-1a"/>
      </object_component>
      <object_component id="oc-116">
         <name>.text:delay_init</name>
         <load_address>0x2bb0</load_address>
         <run_address>0x2bb0</run_address>
         <size>0x28</size>
         <input_file_ref idref="fl-d"/>
      </object_component>
      <object_component id="oc-170">
         <name>.text:vsprintf</name>
         <load_address>0x2bd8</load_address>
         <run_address>0x2bd8</run_address>
         <size>0x28</size>
         <input_file_ref idref="fl-d6"/>
      </object_component>
      <object_component id="oc-254">
         <name>.text:bitPosition</name>
         <load_address>0x2c00</load_address>
         <run_address>0x2c00</run_address>
         <size>0x26</size>
         <input_file_ref idref="fl-c"/>
      </object_component>
      <object_component id="oc-c6">
         <name>.text:Timer_A_getCaptureCompareCount</name>
         <load_address>0x2c26</load_address>
         <run_address>0x2c26</run_address>
         <size>0x22</size>
         <input_file_ref idref="fl-1e"/>
      </object_component>
      <object_component id="oc-196">
         <name>.text:CS_setExternalClockSourceFrequency</name>
         <load_address>0x2c48</load_address>
         <run_address>0x2c48</run_address>
         <size>0x20</size>
         <input_file_ref idref="fl-1a"/>
      </object_component>
      <object_component id="oc-31">
         <name>.text:decompress:ZI:__TI_zero_init_nomemset:__TI_zero_init_nomemset</name>
         <load_address>0x2c68</load_address>
         <run_address>0x2c68</run_address>
         <size>0x1c</size>
         <input_file_ref idref="fl-d8"/>
      </object_component>
      <object_component id="oc-2b3">
         <name>.text:memccpy</name>
         <load_address>0x2c84</load_address>
         <run_address>0x2c84</run_address>
         <size>0x1c</size>
         <input_file_ref idref="fl-f2"/>
      </object_component>
      <object_component id="oc-3d8">
         <name>.text:copysign</name>
         <load_address>0x2ca0</load_address>
         <run_address>0x2ca0</run_address>
         <size>0x1a</size>
         <input_file_ref idref="fl-f5"/>
      </object_component>
      <object_component id="oc-2e0">
         <name>.text:SysCtl_A_disableNMISource</name>
         <load_address>0x2cbc</load_address>
         <run_address>0x2cbc</run_address>
         <size>0x18</size>
         <input_file_ref idref="fl-1d"/>
      </object_component>
      <object_component id="oc-2ec">
         <name>.text:SysCtl_A_enableNMISource</name>
         <load_address>0x2cd4</load_address>
         <run_address>0x2cd4</run_address>
         <size>0x18</size>
         <input_file_ref idref="fl-1d"/>
      </object_component>
      <object_component id="oc-73">
         <name>.text:T32_INT1_IRQHandler</name>
         <load_address>0x2cec</load_address>
         <run_address>0x2cec</run_address>
         <size>0x18</size>
         <input_file_ref idref="fl-a"/>
      </object_component>
      <object_component id="oc-79">
         <name>.text:T32_INT2_IRQHandler</name>
         <load_address>0x2d04</load_address>
         <run_address>0x2d04</run_address>
         <size>0x18</size>
         <input_file_ref idref="fl-a"/>
      </object_component>
      <object_component id="oc-1ff">
         <name>.text:_outs</name>
         <load_address>0x2d1c</load_address>
         <run_address>0x2d1c</run_address>
         <size>0x18</size>
         <input_file_ref idref="fl-d6"/>
      </object_component>
      <object_component id="oc-379">
         <name>.text:strchr</name>
         <load_address>0x2d34</load_address>
         <run_address>0x2d34</run_address>
         <size>0x16</size>
         <input_file_ref idref="fl-f3"/>
      </object_component>
      <object_component id="oc-176">
         <name>.text:strlen</name>
         <load_address>0x2d4a</load_address>
         <run_address>0x2d4a</run_address>
         <size>0x14</size>
         <input_file_ref idref="fl-db"/>
      </object_component>
      <object_component id="oc-19c">
         <name>.text:CS_startHFXT</name>
         <load_address>0x2d5e</load_address>
         <run_address>0x2d5e</run_address>
         <size>0x12</size>
         <input_file_ref idref="fl-1a"/>
      </object_component>
      <object_component id="oc-2b9">
         <name>.text:wcslen</name>
         <load_address>0x2d70</load_address>
         <run_address>0x2d70</run_address>
         <size>0x12</size>
         <input_file_ref idref="fl-e0"/>
      </object_component>
      <object_component id="oc-2da">
         <name>.text:SysCtl_A_getNMISourceStatus</name>
         <load_address>0x2d84</load_address>
         <run_address>0x2d84</run_address>
         <size>0x10</size>
         <input_file_ref idref="fl-1d"/>
      </object_component>
      <object_component id="oc-1a2">
         <name>.text:CS_startLFXT</name>
         <load_address>0x2d94</load_address>
         <run_address>0x2d94</run_address>
         <size>0xe</size>
         <input_file_ref idref="fl-1a"/>
      </object_component>
      <object_component id="oc-c">
         <name>.text:decompress:none:__TI_decompress_none</name>
         <load_address>0x2da2</load_address>
         <run_address>0x2da2</run_address>
         <size>0xe</size>
         <input_file_ref idref="fl-d9"/>
      </object_component>
      <object_component id="oc-55">
         <name>.text:Reset_Handler</name>
         <load_address>0x2db0</load_address>
         <run_address>0x2db0</run_address>
         <size>0xc</size>
         <input_file_ref idref="fl-3"/>
      </object_component>
      <object_component id="oc-205">
         <name>.text:_outc</name>
         <load_address>0x2dbc</load_address>
         <run_address>0x2dbc</run_address>
         <size>0xa</size>
         <input_file_ref idref="fl-d6"/>
      </object_component>
      <object_component id="oc-2bf">
         <name>.text:__aeabi_errno_addr</name>
         <load_address>0x2dc8</load_address>
         <run_address>0x2dc8</run_address>
         <size>0x8</size>
         <input_file_ref idref="fl-f4"/>
      </object_component>
      <object_component id="oc-a5">
         <name>.text:_system_pre_init</name>
         <load_address>0x2dd0</load_address>
         <run_address>0x2dd0</run_address>
         <size>0x4</size>
         <input_file_ref idref="fl-ea"/>
      </object_component>
      <object_component id="oc-122">
         <name>.text:abort:abort</name>
         <load_address>0x2dd4</load_address>
         <run_address>0x2dd4</run_address>
         <size>0x4</size>
         <input_file_ref idref="fl-ec"/>
      </object_component>
      <object_component id="oc-322">
         <name>.const:.string:_ctypes_</name>
         <load_address>0x303c</load_address>
         <run_address>0x303c</run_address>
         <size>0x101</size>
         <input_file_ref idref="fl-f1"/>
      </object_component>
      <object_component id="oc-1b5">
         <name>.const:$P$T0$1</name>
         <load_address>0x3140</load_address>
         <run_address>0x3140</run_address>
         <size>0x28</size>
         <input_file_ref idref="fl-f"/>
      </object_component>
      <object_component id="oc-cc">
         <name>.data</name>
         <load_address>0x316c</load_address>
         <run_address>0x316c</run_address>
         <size>0x4</size>
         <input_file_ref idref="fl-b"/>
      </object_component>
      <object_component id="oc-1bf">
         <name>.data</name>
         <load_address>0x3170</load_address>
         <run_address>0x3170</run_address>
         <size>0x1</size>
         <input_file_ref idref="fl-d"/>
      </object_component>
      <object_component id="oc-389">
         <name>.data</name>
         <load_address>0x3168</load_address>
         <run_address>0x3168</run_address>
         <size>0x4</size>
         <input_file_ref idref="fl-f4"/>
      </object_component>
      <object_component id="oc-dc">
         <name>.bss:resultsBuffer</name>
         <uninitialized>true</uninitialized>
         <run_address>0x3038</run_address>
         <size>0x4</size>
         <input_file_ref idref="fl-5"/>
      </object_component>
      <object_component id="oc-236">
         <name>.bss</name>
         <uninitialized>true</uninitialized>
         <run_address>0x3030</run_address>
         <size>0x8</size>
         <input_file_ref idref="fl-1a"/>
      </object_component>
      <object_component id="oc-182">
         <name>.common:USART0_TX_BUF</name>
         <uninitialized>true</uninitialized>
         <run_address>0x2dd8</run_address>
         <size>0x258</size>
      </object_component>
      <object_component id="oc-43f">
         <name>__TI_handler_table</name>
         <load_address>0x3460</load_address>
         <run_address>0x3460</run_address>
         <size>0xc</size>
      </object_component>
      <object_component id="oc-441">
         <name>.cinit..data.load</name>
         <load_address>0x346c</load_address>
         <run_address>0x346c</run_address>
         <size>0xa</size>
      </object_component>
      <object_component id="oc-442">
         <name>.cinit..bss.load</name>
         <load_address>0x3478</load_address>
         <run_address>0x3478</run_address>
         <size>0x8</size>
      </object_component>
      <object_component id="oc-440">
         <name>__TI_cinit_table</name>
         <load_address>0x3480</load_address>
         <run_address>0x3480</run_address>
         <size>0x10</size>
      </object_component>
      <object_component id="oc-195">
         <name>.debug_info</name>
         <load_address>0x0</load_address>
         <run_address>0x0</run_address>
         <size>0x614</size>
         <input_file_ref idref="fl-2"/>
      </object_component>
      <object_component id="oc-ac">
         <name>.debug_info</name>
         <load_address>0x614</load_address>
         <run_address>0x614</run_address>
         <size>0x1f3</size>
         <input_file_ref idref="fl-2"/>
      </object_component>
      <object_component id="oc-f5">
         <name>.debug_info</name>
         <load_address>0x807</load_address>
         <run_address>0x807</run_address>
         <size>0x26b</size>
         <input_file_ref idref="fl-2"/>
      </object_component>
      <object_component id="oc-217">
         <name>.debug_info</name>
         <load_address>0xa72</load_address>
         <run_address>0xa72</run_address>
         <size>0x1028</size>
         <input_file_ref idref="fl-2"/>
      </object_component>
      <object_component id="oc-22d">
         <name>.debug_info</name>
         <load_address>0x1a9a</load_address>
         <run_address>0x1a9a</run_address>
         <size>0x37e2</size>
         <input_file_ref idref="fl-2"/>
      </object_component>
      <object_component id="oc-3a1">
         <name>.debug_info</name>
         <load_address>0x527c</load_address>
         <run_address>0x527c</run_address>
         <size>0x9a</size>
         <input_file_ref idref="fl-2"/>
      </object_component>
      <object_component id="oc-11d">
         <name>.debug_info</name>
         <load_address>0x5316</load_address>
         <run_address>0x5316</run_address>
         <size>0x8b</size>
         <input_file_ref idref="fl-2"/>
      </object_component>
      <object_component id="oc-18e">
         <name>.debug_info</name>
         <load_address>0x53a1</load_address>
         <run_address>0x53a1</run_address>
         <size>0x2a4</size>
         <input_file_ref idref="fl-2"/>
      </object_component>
      <object_component id="oc-e0">
         <name>.debug_info</name>
         <load_address>0x5645</load_address>
         <run_address>0x5645</run_address>
         <size>0xef</size>
         <input_file_ref idref="fl-2"/>
      </object_component>
      <object_component id="oc-e5">
         <name>.debug_info</name>
         <load_address>0x5734</load_address>
         <run_address>0x5734</run_address>
         <size>0xbb</size>
         <input_file_ref idref="fl-2"/>
      </object_component>
      <object_component id="oc-226">
         <name>.debug_info</name>
         <load_address>0x57ef</load_address>
         <run_address>0x57ef</run_address>
         <size>0xcc</size>
         <input_file_ref idref="fl-2"/>
      </object_component>
      <object_component id="oc-186">
         <name>.debug_info</name>
         <load_address>0x58bb</load_address>
         <run_address>0x58bb</run_address>
         <size>0x2c</size>
         <input_file_ref idref="fl-2"/>
      </object_component>
      <object_component id="oc-21c">
         <name>.debug_info</name>
         <load_address>0x58e7</load_address>
         <run_address>0x58e7</run_address>
         <size>0x102</size>
         <input_file_ref idref="fl-2"/>
      </object_component>
      <object_component id="oc-221">
         <name>.debug_info</name>
         <load_address>0x59e9</load_address>
         <run_address>0x59e9</run_address>
         <size>0x35</size>
         <input_file_ref idref="fl-2"/>
      </object_component>
      <object_component id="oc-87">
         <name>.debug_info</name>
         <load_address>0x5a1e</load_address>
         <run_address>0x5a1e</run_address>
         <size>0x2e2</size>
         <input_file_ref idref="fl-3"/>
      </object_component>
      <object_component id="oc-15">
         <name>.debug_info</name>
         <load_address>0x5d00</load_address>
         <run_address>0x5d00</run_address>
         <size>0x10e</size>
         <input_file_ref idref="fl-3"/>
      </object_component>
      <object_component id="oc-56">
         <name>.debug_info</name>
         <load_address>0x5e0e</load_address>
         <run_address>0x5e0e</run_address>
         <size>0x169</size>
         <input_file_ref idref="fl-3"/>
      </object_component>
      <object_component id="oc-5d">
         <name>.debug_info</name>
         <load_address>0x5f77</load_address>
         <run_address>0x5f77</run_address>
         <size>0x151</size>
         <input_file_ref idref="fl-3"/>
      </object_component>
      <object_component id="oc-20">
         <name>.debug_info</name>
         <load_address>0x60c8</load_address>
         <run_address>0x60c8</run_address>
         <size>0x84</size>
         <input_file_ref idref="fl-3"/>
      </object_component>
      <object_component id="oc-be">
         <name>.debug_info</name>
         <load_address>0x614c</load_address>
         <run_address>0x614c</run_address>
         <size>0x1eb</size>
         <input_file_ref idref="fl-4"/>
      </object_component>
      <object_component id="oc-18d">
         <name>.debug_info</name>
         <load_address>0x6337</load_address>
         <run_address>0x6337</run_address>
         <size>0x6dc</size>
         <input_file_ref idref="fl-5"/>
      </object_component>
      <object_component id="oc-dd">
         <name>.debug_info</name>
         <load_address>0x6a13</load_address>
         <run_address>0x6a13</run_address>
         <size>0x133</size>
         <input_file_ref idref="fl-5"/>
      </object_component>
      <object_component id="oc-6e">
         <name>.debug_info</name>
         <load_address>0x6b46</load_address>
         <run_address>0x6b46</run_address>
         <size>0x24f</size>
         <input_file_ref idref="fl-5"/>
      </object_component>
      <object_component id="oc-194">
         <name>.debug_info</name>
         <load_address>0x6d95</load_address>
         <run_address>0x6d95</run_address>
         <size>0x58c</size>
         <input_file_ref idref="fl-6"/>
      </object_component>
      <object_component id="oc-82">
         <name>.debug_info</name>
         <load_address>0x7321</load_address>
         <run_address>0x7321</run_address>
         <size>0x216</size>
         <input_file_ref idref="fl-6"/>
      </object_component>
      <object_component id="oc-ee">
         <name>.debug_info</name>
         <load_address>0x7537</load_address>
         <run_address>0x7537</run_address>
         <size>0x1f6</size>
         <input_file_ref idref="fl-6"/>
      </object_component>
      <object_component id="oc-2d7">
         <name>.debug_info</name>
         <load_address>0x772d</load_address>
         <run_address>0x772d</run_address>
         <size>0x69f</size>
         <input_file_ref idref="fl-9"/>
      </object_component>
      <object_component id="oc-212">
         <name>.debug_info</name>
         <load_address>0x7dcc</load_address>
         <run_address>0x7dcc</run_address>
         <size>0x37e2</size>
         <input_file_ref idref="fl-9"/>
      </object_component>
      <object_component id="oc-76">
         <name>.debug_info</name>
         <load_address>0xb5ae</load_address>
         <run_address>0xb5ae</run_address>
         <size>0x1f5</size>
         <input_file_ref idref="fl-a"/>
      </object_component>
      <object_component id="oc-7c">
         <name>.debug_info</name>
         <load_address>0xb7a3</load_address>
         <run_address>0xb7a3</run_address>
         <size>0x1f5</size>
         <input_file_ref idref="fl-a"/>
      </object_component>
      <object_component id="oc-cd">
         <name>.debug_info</name>
         <load_address>0xb998</load_address>
         <run_address>0xb998</run_address>
         <size>0x160</size>
         <input_file_ref idref="fl-b"/>
      </object_component>
      <object_component id="oc-69">
         <name>.debug_info</name>
         <load_address>0xbaf8</load_address>
         <run_address>0xbaf8</run_address>
         <size>0x234</size>
         <input_file_ref idref="fl-b"/>
      </object_component>
      <object_component id="oc-63">
         <name>.debug_info</name>
         <load_address>0xbd2c</load_address>
         <run_address>0xbd2c</run_address>
         <size>0x1f3</size>
         <input_file_ref idref="fl-b"/>
      </object_component>
      <object_component id="oc-25b">
         <name>.debug_info</name>
         <load_address>0xbf1f</load_address>
         <run_address>0xbf1f</run_address>
         <size>0x5e0</size>
         <input_file_ref idref="fl-c"/>
      </object_component>
      <object_component id="oc-256">
         <name>.debug_info</name>
         <load_address>0xc4ff</load_address>
         <run_address>0xc4ff</run_address>
         <size>0x254</size>
         <input_file_ref idref="fl-c"/>
      </object_component>
      <object_component id="oc-1ab">
         <name>.debug_info</name>
         <load_address>0xc753</load_address>
         <run_address>0xc753</run_address>
         <size>0x37f</size>
         <input_file_ref idref="fl-c"/>
      </object_component>
      <object_component id="oc-1c0">
         <name>.debug_info</name>
         <load_address>0xcad2</load_address>
         <run_address>0xcad2</run_address>
         <size>0x122</size>
         <input_file_ref idref="fl-d"/>
      </object_component>
      <object_component id="oc-117">
         <name>.debug_info</name>
         <load_address>0xcbf4</load_address>
         <run_address>0xcbf4</run_address>
         <size>0x1de</size>
         <input_file_ref idref="fl-d"/>
      </object_component>
      <object_component id="oc-10c">
         <name>.debug_info</name>
         <load_address>0xcdd2</load_address>
         <run_address>0xcdd2</run_address>
         <size>0x24d</size>
         <input_file_ref idref="fl-e"/>
      </object_component>
      <object_component id="oc-183">
         <name>.debug_info</name>
         <load_address>0xd01f</load_address>
         <run_address>0xd01f</run_address>
         <size>0x704</size>
         <input_file_ref idref="fl-f"/>
      </object_component>
      <object_component id="oc-1b6">
         <name>.debug_info</name>
         <load_address>0xd723</load_address>
         <run_address>0xd723</run_address>
         <size>0x124</size>
         <input_file_ref idref="fl-f"/>
      </object_component>
      <object_component id="oc-d7">
         <name>.debug_info</name>
         <load_address>0xd847</load_address>
         <run_address>0xd847</run_address>
         <size>0x234</size>
         <input_file_ref idref="fl-f"/>
      </object_component>
      <object_component id="oc-111">
         <name>.debug_info</name>
         <load_address>0xda7b</load_address>
         <run_address>0xda7b</run_address>
         <size>0x25d</size>
         <input_file_ref idref="fl-f"/>
      </object_component>
      <object_component id="oc-16f">
         <name>.debug_info</name>
         <load_address>0xdcd8</load_address>
         <run_address>0xdcd8</run_address>
         <size>0x706</size>
         <input_file_ref idref="fl-19"/>
      </object_component>
      <object_component id="oc-d1">
         <name>.debug_info</name>
         <load_address>0xe3de</load_address>
         <run_address>0xe3de</run_address>
         <size>0x20f</size>
         <input_file_ref idref="fl-19"/>
      </object_component>
      <object_component id="oc-1ea">
         <name>.debug_info</name>
         <load_address>0xe5ed</load_address>
         <run_address>0xe5ed</run_address>
         <size>0x431a</size>
         <input_file_ref idref="fl-19"/>
      </object_component>
      <object_component id="oc-1f4">
         <name>.debug_info</name>
         <load_address>0x12907</load_address>
         <run_address>0x12907</run_address>
         <size>0x26b</size>
         <input_file_ref idref="fl-19"/>
      </object_component>
      <object_component id="oc-1ef">
         <name>.debug_info</name>
         <load_address>0x12b72</load_address>
         <run_address>0x12b72</run_address>
         <size>0x1028</size>
         <input_file_ref idref="fl-19"/>
      </object_component>
      <object_component id="oc-1e3">
         <name>.debug_info</name>
         <load_address>0x13b9a</load_address>
         <run_address>0x13b9a</run_address>
         <size>0x297</size>
         <input_file_ref idref="fl-19"/>
      </object_component>
      <object_component id="oc-162">
         <name>.debug_info</name>
         <load_address>0x13e31</load_address>
         <run_address>0x13e31</run_address>
         <size>0xef</size>
         <input_file_ref idref="fl-19"/>
      </object_component>
      <object_component id="oc-167">
         <name>.debug_info</name>
         <load_address>0x13f20</load_address>
         <run_address>0x13f20</run_address>
         <size>0xbb</size>
         <input_file_ref idref="fl-19"/>
      </object_component>
      <object_component id="oc-3b9">
         <name>.debug_info</name>
         <load_address>0x13fdb</load_address>
         <run_address>0x13fdb</run_address>
         <size>0x807</size>
         <input_file_ref idref="fl-1a"/>
      </object_component>
      <object_component id="oc-237">
         <name>.debug_info</name>
         <load_address>0x147e2</load_address>
         <run_address>0x147e2</run_address>
         <size>0x140</size>
         <input_file_ref idref="fl-1a"/>
      </object_component>
      <object_component id="oc-2e7">
         <name>.debug_info</name>
         <load_address>0x14922</load_address>
         <run_address>0x14922</run_address>
         <size>0x1a8</size>
         <input_file_ref idref="fl-1a"/>
      </object_component>
      <object_component id="oc-301">
         <name>.debug_info</name>
         <load_address>0x14aca</load_address>
         <run_address>0x14aca</run_address>
         <size>0x1d9</size>
         <input_file_ref idref="fl-1a"/>
      </object_component>
      <object_component id="oc-261">
         <name>.debug_info</name>
         <load_address>0x14ca3</load_address>
         <run_address>0x14ca3</run_address>
         <size>0x2a8</size>
         <input_file_ref idref="fl-1a"/>
      </object_component>
      <object_component id="oc-3b3">
         <name>.debug_info</name>
         <load_address>0x14f4b</load_address>
         <run_address>0x14f4b</run_address>
         <size>0x1be</size>
         <input_file_ref idref="fl-1a"/>
      </object_component>
      <object_component id="oc-197">
         <name>.debug_info</name>
         <load_address>0x15109</load_address>
         <run_address>0x15109</run_address>
         <size>0x291</size>
         <input_file_ref idref="fl-1a"/>
      </object_component>
      <object_component id="oc-19d">
         <name>.debug_info</name>
         <load_address>0x1539a</load_address>
         <run_address>0x1539a</run_address>
         <size>0x1f7</size>
         <input_file_ref idref="fl-1a"/>
      </object_component>
      <object_component id="oc-23b">
         <name>.debug_info</name>
         <load_address>0x15591</load_address>
         <run_address>0x15591</run_address>
         <size>0x2f9</size>
         <input_file_ref idref="fl-1a"/>
      </object_component>
      <object_component id="oc-1a3">
         <name>.debug_info</name>
         <load_address>0x1588a</load_address>
         <run_address>0x1588a</run_address>
         <size>0x1eb</size>
         <input_file_ref idref="fl-1a"/>
      </object_component>
      <object_component id="oc-242">
         <name>.debug_info</name>
         <load_address>0x15a75</load_address>
         <run_address>0x15a75</run_address>
         <size>0x2d7</size>
         <input_file_ref idref="fl-1a"/>
      </object_component>
      <object_component id="oc-30e">
         <name>.debug_info</name>
         <load_address>0x15d4c</load_address>
         <run_address>0x15d4c</run_address>
         <size>0x28f</size>
         <input_file_ref idref="fl-1a"/>
      </object_component>
      <object_component id="oc-250">
         <name>.debug_info</name>
         <load_address>0x15fdb</load_address>
         <run_address>0x15fdb</run_address>
         <size>0x1e9</size>
         <input_file_ref idref="fl-1a"/>
      </object_component>
      <object_component id="oc-24a">
         <name>.debug_info</name>
         <load_address>0x161c4</load_address>
         <run_address>0x161c4</run_address>
         <size>0x1eb</size>
         <input_file_ref idref="fl-1a"/>
      </object_component>
      <object_component id="oc-1bb">
         <name>.debug_info</name>
         <load_address>0x163af</load_address>
         <run_address>0x163af</run_address>
         <size>0x1e9</size>
         <input_file_ref idref="fl-1a"/>
      </object_component>
      <object_component id="oc-308">
         <name>.debug_info</name>
         <load_address>0x16598</load_address>
         <run_address>0x16598</run_address>
         <size>0x1d3</size>
         <input_file_ref idref="fl-1a"/>
      </object_component>
      <object_component id="oc-3f9">
         <name>.debug_info</name>
         <load_address>0x1676b</load_address>
         <run_address>0x1676b</run_address>
         <size>0x1b5</size>
         <input_file_ref idref="fl-1a"/>
      </object_component>
      <object_component id="oc-3f5">
         <name>.debug_info</name>
         <load_address>0x16920</load_address>
         <run_address>0x16920</run_address>
         <size>0x5c9</size>
         <input_file_ref idref="fl-1d"/>
      </object_component>
      <object_component id="oc-3ad">
         <name>.debug_info</name>
         <load_address>0x16ee9</load_address>
         <run_address>0x16ee9</run_address>
         <size>0x298</size>
         <input_file_ref idref="fl-1d"/>
      </object_component>
      <object_component id="oc-2e2">
         <name>.debug_info</name>
         <load_address>0x17181</load_address>
         <run_address>0x17181</run_address>
         <size>0x1eb</size>
         <input_file_ref idref="fl-1d"/>
      </object_component>
      <object_component id="oc-2ed">
         <name>.debug_info</name>
         <load_address>0x1736c</load_address>
         <run_address>0x1736c</run_address>
         <size>0x1e9</size>
         <input_file_ref idref="fl-1d"/>
      </object_component>
      <object_component id="oc-2db">
         <name>.debug_info</name>
         <load_address>0x17555</load_address>
         <run_address>0x17555</run_address>
         <size>0x1cc</size>
         <input_file_ref idref="fl-1d"/>
      </object_component>
      <object_component id="oc-c8">
         <name>.debug_info</name>
         <load_address>0x17721</load_address>
         <run_address>0x17721</run_address>
         <size>0x274</size>
         <input_file_ref idref="fl-1e"/>
      </object_component>
      <object_component id="oc-25d">
         <name>.debug_info</name>
         <load_address>0x17995</load_address>
         <run_address>0x17995</run_address>
         <size>0x6eb</size>
         <input_file_ref idref="fl-1f"/>
      </object_component>
      <object_component id="oc-1b0">
         <name>.debug_info</name>
         <load_address>0x18080</load_address>
         <run_address>0x18080</run_address>
         <size>0x234</size>
         <input_file_ref idref="fl-1f"/>
      </object_component>
      <object_component id="oc-17e">
         <name>.debug_info</name>
         <load_address>0x182b4</load_address>
         <run_address>0x182b4</run_address>
         <size>0x236</size>
         <input_file_ref idref="fl-1f"/>
      </object_component>
      <object_component id="oc-2fb">
         <name>.debug_info</name>
         <load_address>0x184ea</load_address>
         <run_address>0x184ea</run_address>
         <size>0x102</size>
         <input_file_ref idref="fl-1f"/>
      </object_component>
      <object_component id="oc-20c">
         <name>.debug_info</name>
         <load_address>0x185ec</load_address>
         <run_address>0x185ec</run_address>
         <size>0x339</size>
         <input_file_ref idref="fl-d6"/>
      </object_component>
      <object_component id="oc-172">
         <name>.debug_info</name>
         <load_address>0x18925</load_address>
         <run_address>0x18925</run_address>
         <size>0x1fa</size>
         <input_file_ref idref="fl-d6"/>
      </object_component>
      <object_component id="oc-203">
         <name>.debug_info</name>
         <load_address>0x18b1f</load_address>
         <run_address>0x18b1f</run_address>
         <size>0x190</size>
         <input_file_ref idref="fl-d6"/>
      </object_component>
      <object_component id="oc-206">
         <name>.debug_info</name>
         <load_address>0x18caf</load_address>
         <run_address>0x18caf</run_address>
         <size>0x170</size>
         <input_file_ref idref="fl-d6"/>
      </object_component>
      <object_component id="oc-390">
         <name>.debug_info</name>
         <load_address>0x18e1f</load_address>
         <run_address>0x18e1f</run_address>
         <size>0x2c</size>
         <input_file_ref idref="fl-d6"/>
      </object_component>
      <object_component id="oc-27">
         <name>.debug_info</name>
         <load_address>0x18e4b</load_address>
         <run_address>0x18e4b</run_address>
         <size>0x119</size>
         <input_file_ref idref="fl-d7"/>
      </object_component>
      <object_component id="oc-9e">
         <name>.debug_info</name>
         <load_address>0x18f64</load_address>
         <run_address>0x18f64</run_address>
         <size>0x2d4</size>
         <input_file_ref idref="fl-d8"/>
      </object_component>
      <object_component id="oc-35">
         <name>.debug_info</name>
         <load_address>0x19238</load_address>
         <run_address>0x19238</run_address>
         <size>0x1d2</size>
         <input_file_ref idref="fl-d8"/>
      </object_component>
      <object_component id="oc-99">
         <name>.debug_info</name>
         <load_address>0x1940a</load_address>
         <run_address>0x1940a</run_address>
         <size>0x46</size>
         <input_file_ref idref="fl-d8"/>
      </object_component>
      <object_component id="oc-101">
         <name>.debug_info</name>
         <load_address>0x19450</load_address>
         <run_address>0x19450</run_address>
         <size>0x2c</size>
         <input_file_ref idref="fl-d8"/>
      </object_component>
      <object_component id="oc-30">
         <name>.debug_info</name>
         <load_address>0x1947c</load_address>
         <run_address>0x1947c</run_address>
         <size>0x2a8</size>
         <input_file_ref idref="fl-d9"/>
      </object_component>
      <object_component id="oc-10">
         <name>.debug_info</name>
         <load_address>0x19724</load_address>
         <run_address>0x19724</run_address>
         <size>0x1ea</size>
         <input_file_ref idref="fl-d9"/>
      </object_component>
      <object_component id="oc-2b">
         <name>.debug_info</name>
         <load_address>0x1990e</load_address>
         <run_address>0x1990e</run_address>
         <size>0x46</size>
         <input_file_ref idref="fl-d9"/>
      </object_component>
      <object_component id="oc-91">
         <name>.debug_info</name>
         <load_address>0x19954</load_address>
         <run_address>0x19954</run_address>
         <size>0x2c</size>
         <input_file_ref idref="fl-d9"/>
      </object_component>
      <object_component id="oc-8f">
         <name>.debug_info</name>
         <load_address>0x19980</load_address>
         <run_address>0x19980</run_address>
         <size>0x29e</size>
         <input_file_ref idref="fl-da"/>
      </object_component>
      <object_component id="oc-7">
         <name>.debug_info</name>
         <load_address>0x19c1e</load_address>
         <run_address>0x19c1e</run_address>
         <size>0x250</size>
         <input_file_ref idref="fl-da"/>
      </object_component>
      <object_component id="oc-1b">
         <name>.debug_info</name>
         <load_address>0x19e6e</load_address>
         <run_address>0x19e6e</run_address>
         <size>0x60</size>
         <input_file_ref idref="fl-da"/>
      </object_component>
      <object_component id="oc-fa">
         <name>.debug_info</name>
         <load_address>0x19ece</load_address>
         <run_address>0x19ece</run_address>
         <size>0x46</size>
         <input_file_ref idref="fl-da"/>
      </object_component>
      <object_component id="oc-8a">
         <name>.debug_info</name>
         <load_address>0x19f14</load_address>
         <run_address>0x19f14</run_address>
         <size>0x39</size>
         <input_file_ref idref="fl-da"/>
      </object_component>
      <object_component id="oc-20e">
         <name>.debug_info</name>
         <load_address>0x19f4d</load_address>
         <run_address>0x19f4d</run_address>
         <size>0x28f</size>
         <input_file_ref idref="fl-db"/>
      </object_component>
      <object_component id="oc-178">
         <name>.debug_info</name>
         <load_address>0x1a1dc</load_address>
         <run_address>0x1a1dc</run_address>
         <size>0x245</size>
         <input_file_ref idref="fl-db"/>
      </object_component>
      <object_component id="oc-18">
         <name>.debug_info</name>
         <load_address>0x1a421</load_address>
         <run_address>0x1a421</run_address>
         <size>0x10b</size>
         <input_file_ref idref="fl-dc"/>
      </object_component>
      <object_component id="oc-44">
         <name>.debug_info</name>
         <load_address>0x1a52c</load_address>
         <run_address>0x1a52c</run_address>
         <size>0x1a9</size>
         <input_file_ref idref="fl-dc"/>
      </object_component>
      <object_component id="oc-2c6">
         <name>.debug_info</name>
         <load_address>0x1a6d5</load_address>
         <run_address>0x1a6d5</run_address>
         <size>0x590</size>
         <input_file_ref idref="fl-dd"/>
      </object_component>
      <object_component id="oc-291">
         <name>.debug_info</name>
         <load_address>0x1ac65</load_address>
         <run_address>0x1ac65</run_address>
         <size>0x21e</size>
         <input_file_ref idref="fl-dd"/>
      </object_component>
      <object_component id="oc-353">
         <name>.debug_info</name>
         <load_address>0x1ae83</load_address>
         <run_address>0x1ae83</run_address>
         <size>0x1b3</size>
         <input_file_ref idref="fl-dd"/>
      </object_component>
      <object_component id="oc-359">
         <name>.debug_info</name>
         <load_address>0x1b036</load_address>
         <run_address>0x1b036</run_address>
         <size>0x21b</size>
         <input_file_ref idref="fl-dd"/>
      </object_component>
      <object_component id="oc-29c">
         <name>.debug_info</name>
         <load_address>0x1b251</load_address>
         <run_address>0x1b251</run_address>
         <size>0x3c0</size>
         <input_file_ref idref="fl-dd"/>
      </object_component>
      <object_component id="oc-360">
         <name>.debug_info</name>
         <load_address>0x1b611</load_address>
         <run_address>0x1b611</run_address>
         <size>0x30a</size>
         <input_file_ref idref="fl-dd"/>
      </object_component>
      <object_component id="oc-366">
         <name>.debug_info</name>
         <load_address>0x1b91b</load_address>
         <run_address>0x1b91b</run_address>
         <size>0x215</size>
         <input_file_ref idref="fl-dd"/>
      </object_component>
      <object_component id="oc-2a2">
         <name>.debug_info</name>
         <load_address>0x1bb30</load_address>
         <run_address>0x1bb30</run_address>
         <size>0x215</size>
         <input_file_ref idref="fl-dd"/>
      </object_component>
      <object_component id="oc-2a8">
         <name>.debug_info</name>
         <load_address>0x1bd45</load_address>
         <run_address>0x1bd45</run_address>
         <size>0x304</size>
         <input_file_ref idref="fl-dd"/>
      </object_component>
      <object_component id="oc-2ae">
         <name>.debug_info</name>
         <load_address>0x1c049</load_address>
         <run_address>0x1c049</run_address>
         <size>0x4b5</size>
         <input_file_ref idref="fl-dd"/>
      </object_component>
      <object_component id="oc-1fa">
         <name>.debug_info</name>
         <load_address>0x1c4fe</load_address>
         <run_address>0x1c4fe</run_address>
         <size>0x5f4</size>
         <input_file_ref idref="fl-dd"/>
      </object_component>
      <object_component id="oc-2c7">
         <name>.debug_info</name>
         <load_address>0x1caf2</load_address>
         <run_address>0x1caf2</run_address>
         <size>0x86</size>
         <input_file_ref idref="fl-dd"/>
      </object_component>
      <object_component id="oc-395">
         <name>.debug_info</name>
         <load_address>0x1cb78</load_address>
         <run_address>0x1cb78</run_address>
         <size>0x39</size>
         <input_file_ref idref="fl-dd"/>
      </object_component>
      <object_component id="oc-3ef">
         <name>.debug_info</name>
         <load_address>0x1cbb1</load_address>
         <run_address>0x1cbb1</run_address>
         <size>0xb6</size>
         <input_file_ref idref="fl-dd"/>
      </object_component>
      <object_component id="oc-39a">
         <name>.debug_info</name>
         <load_address>0x1cc67</load_address>
         <run_address>0x1cc67</run_address>
         <size>0x46</size>
         <input_file_ref idref="fl-dd"/>
      </object_component>
      <object_component id="oc-2cc">
         <name>.debug_info</name>
         <load_address>0x1ccad</load_address>
         <run_address>0x1ccad</run_address>
         <size>0x46</size>
         <input_file_ref idref="fl-dd"/>
      </object_component>
      <object_component id="oc-3d2">
         <name>.debug_info</name>
         <load_address>0x1ccf3</load_address>
         <run_address>0x1ccf3</run_address>
         <size>0x295</size>
         <input_file_ref idref="fl-de"/>
      </object_component>
      <object_component id="oc-371">
         <name>.debug_info</name>
         <load_address>0x1cf88</load_address>
         <run_address>0x1cf88</run_address>
         <size>0x195</size>
         <input_file_ref idref="fl-de"/>
      </object_component>
      <object_component id="oc-405">
         <name>.debug_info</name>
         <load_address>0x1d11d</load_address>
         <run_address>0x1d11d</run_address>
         <size>0x39</size>
         <input_file_ref idref="fl-de"/>
      </object_component>
      <object_component id="oc-3d3">
         <name>.debug_info</name>
         <load_address>0x1d156</load_address>
         <run_address>0x1d156</run_address>
         <size>0x2c</size>
         <input_file_ref idref="fl-de"/>
      </object_component>
      <object_component id="oc-3df">
         <name>.debug_info</name>
         <load_address>0x1d182</load_address>
         <run_address>0x1d182</run_address>
         <size>0x2f8</size>
         <input_file_ref idref="fl-df"/>
      </object_component>
      <object_component id="oc-375">
         <name>.debug_info</name>
         <load_address>0x1d47a</load_address>
         <run_address>0x1d47a</run_address>
         <size>0x225</size>
         <input_file_ref idref="fl-df"/>
      </object_component>
      <object_component id="oc-388">
         <name>.debug_info</name>
         <load_address>0x1d69f</load_address>
         <run_address>0x1d69f</run_address>
         <size>0x28f</size>
         <input_file_ref idref="fl-e0"/>
      </object_component>
      <object_component id="oc-2ba">
         <name>.debug_info</name>
         <load_address>0x1d92e</load_address>
         <run_address>0x1d92e</run_address>
         <size>0x15a</size>
         <input_file_ref idref="fl-e0"/>
      </object_component>
      <object_component id="oc-3e4">
         <name>.debug_info</name>
         <load_address>0x1da88</load_address>
         <run_address>0x1da88</run_address>
         <size>0x46</size>
         <input_file_ref idref="fl-e0"/>
      </object_component>
      <object_component id="oc-383">
         <name>.debug_info</name>
         <load_address>0x1dace</load_address>
         <run_address>0x1dace</run_address>
         <size>0x39</size>
         <input_file_ref idref="fl-e0"/>
      </object_component>
      <object_component id="oc-350">
         <name>.debug_info</name>
         <load_address>0x1db07</load_address>
         <run_address>0x1db07</run_address>
         <size>0x14c</size>
         <input_file_ref idref="fl-e1"/>
      </object_component>
      <object_component id="oc-297">
         <name>.debug_info</name>
         <load_address>0x1dc53</load_address>
         <run_address>0x1dc53</run_address>
         <size>0x128</size>
         <input_file_ref idref="fl-e2"/>
      </object_component>
      <object_component id="oc-33a">
         <name>.debug_info</name>
         <load_address>0x1dd7b</load_address>
         <run_address>0x1dd7b</run_address>
         <size>0x12a</size>
         <input_file_ref idref="fl-e2"/>
      </object_component>
      <object_component id="oc-334">
         <name>.debug_info</name>
         <load_address>0x1dea5</load_address>
         <run_address>0x1dea5</run_address>
         <size>0x13a</size>
         <input_file_ref idref="fl-e3"/>
      </object_component>
      <object_component id="oc-331">
         <name>.debug_info</name>
         <load_address>0x1dfdf</load_address>
         <run_address>0x1dfdf</run_address>
         <size>0x13a</size>
         <input_file_ref idref="fl-e4"/>
      </object_component>
      <object_component id="oc-33e">
         <name>.debug_info</name>
         <load_address>0x1e119</load_address>
         <run_address>0x1e119</run_address>
         <size>0x12e</size>
         <input_file_ref idref="fl-e5"/>
      </object_component>
      <object_component id="oc-34b">
         <name>.debug_info</name>
         <load_address>0x1e247</load_address>
         <run_address>0x1e247</run_address>
         <size>0x12c</size>
         <input_file_ref idref="fl-e6"/>
      </object_component>
      <object_component id="oc-32a">
         <name>.debug_info</name>
         <load_address>0x1e373</load_address>
         <run_address>0x1e373</run_address>
         <size>0x134</size>
         <input_file_ref idref="fl-e7"/>
      </object_component>
      <object_component id="oc-a0">
         <name>.debug_info</name>
         <load_address>0x1e4a7</load_address>
         <run_address>0x1e4a7</run_address>
         <size>0x147</size>
         <input_file_ref idref="fl-e8"/>
      </object_component>
      <object_component id="oc-1ce">
         <name>.debug_info</name>
         <load_address>0x1e5ee</load_address>
         <run_address>0x1e5ee</run_address>
         <size>0x4b3</size>
         <input_file_ref idref="fl-e9"/>
      </object_component>
      <object_component id="oc-12f">
         <name>.debug_info</name>
         <load_address>0x1eaa1</load_address>
         <run_address>0x1eaa1</run_address>
         <size>0x1a6</size>
         <input_file_ref idref="fl-e9"/>
      </object_component>
      <object_component id="oc-279">
         <name>.debug_info</name>
         <load_address>0x1ec47</load_address>
         <run_address>0x1ec47</run_address>
         <size>0x39</size>
         <input_file_ref idref="fl-e9"/>
      </object_component>
      <object_component id="oc-316">
         <name>.debug_info</name>
         <load_address>0x1ec80</load_address>
         <run_address>0x1ec80</run_address>
         <size>0x39</size>
         <input_file_ref idref="fl-e9"/>
      </object_component>
      <object_component id="oc-27e">
         <name>.debug_info</name>
         <load_address>0x1ecb9</load_address>
         <run_address>0x1ecb9</run_address>
         <size>0x39</size>
         <input_file_ref idref="fl-e9"/>
      </object_component>
      <object_component id="oc-283">
         <name>.debug_info</name>
         <load_address>0x1ecf2</load_address>
         <run_address>0x1ecf2</run_address>
         <size>0xcd</size>
         <input_file_ref idref="fl-e9"/>
      </object_component>
      <object_component id="oc-a6">
         <name>.debug_info</name>
         <load_address>0x1edbf</load_address>
         <run_address>0x1edbf</run_address>
         <size>0x153</size>
         <input_file_ref idref="fl-ea"/>
      </object_component>
      <object_component id="oc-124">
         <name>.debug_info</name>
         <load_address>0x1ef12</load_address>
         <run_address>0x1ef12</run_address>
         <size>0x122</size>
         <input_file_ref idref="fl-ec"/>
      </object_component>
      <object_component id="oc-3ca">
         <name>.debug_info</name>
         <load_address>0x1f034</load_address>
         <run_address>0x1f034</run_address>
         <size>0x29c</size>
         <input_file_ref idref="fl-ee"/>
      </object_component>
      <object_component id="oc-343">
         <name>.debug_info</name>
         <load_address>0x1f2d0</load_address>
         <run_address>0x1f2d0</run_address>
         <size>0x1da</size>
         <input_file_ref idref="fl-ee"/>
      </object_component>
      <object_component id="oc-326">
         <name>.debug_info</name>
         <load_address>0x1f4aa</load_address>
         <run_address>0x1f4aa</run_address>
         <size>0x2b9</size>
         <input_file_ref idref="fl-f0"/>
      </object_component>
      <object_component id="oc-28e">
         <name>.debug_info</name>
         <load_address>0x1f763</load_address>
         <run_address>0x1f763</run_address>
         <size>0x17c</size>
         <input_file_ref idref="fl-f0"/>
      </object_component>
      <object_component id="oc-3bc">
         <name>.debug_info</name>
         <load_address>0x1f8df</load_address>
         <run_address>0x1f8df</run_address>
         <size>0xf9</size>
         <input_file_ref idref="fl-f1"/>
      </object_component>
      <object_component id="oc-323">
         <name>.debug_info</name>
         <load_address>0x1f9d8</load_address>
         <run_address>0x1f9d8</run_address>
         <size>0x105</size>
         <input_file_ref idref="fl-f1"/>
      </object_component>
      <object_component id="oc-381">
         <name>.debug_info</name>
         <load_address>0x1fadd</load_address>
         <run_address>0x1fadd</run_address>
         <size>0x2a7</size>
         <input_file_ref idref="fl-f2"/>
      </object_component>
      <object_component id="oc-2b5">
         <name>.debug_info</name>
         <load_address>0x1fd84</load_address>
         <run_address>0x1fd84</run_address>
         <size>0x1b8</size>
         <input_file_ref idref="fl-f2"/>
      </object_component>
      <object_component id="oc-3e1">
         <name>.debug_info</name>
         <load_address>0x1ff3c</load_address>
         <run_address>0x1ff3c</run_address>
         <size>0x29a</size>
         <input_file_ref idref="fl-f3"/>
      </object_component>
      <object_component id="oc-37c">
         <name>.debug_info</name>
         <load_address>0x201d6</load_address>
         <run_address>0x201d6</run_address>
         <size>0x262</size>
         <input_file_ref idref="fl-f3"/>
      </object_component>
      <object_component id="oc-38d">
         <name>.debug_info</name>
         <load_address>0x20438</load_address>
         <run_address>0x20438</run_address>
         <size>0x289</size>
         <input_file_ref idref="fl-f4"/>
      </object_component>
      <object_component id="oc-38a">
         <name>.debug_info</name>
         <load_address>0x206c1</load_address>
         <run_address>0x206c1</run_address>
         <size>0x10e</size>
         <input_file_ref idref="fl-f4"/>
      </object_component>
      <object_component id="oc-2c1">
         <name>.debug_info</name>
         <load_address>0x207cf</load_address>
         <run_address>0x207cf</run_address>
         <size>0x14e</size>
         <input_file_ref idref="fl-f4"/>
      </object_component>
      <object_component id="oc-3d9">
         <name>.debug_info</name>
         <load_address>0x2091d</load_address>
         <run_address>0x2091d</run_address>
         <size>0x161</size>
         <input_file_ref idref="fl-f5"/>
      </object_component>
      <object_component id="oc-3c2">
         <name>.debug_info</name>
         <load_address>0x20a7e</load_address>
         <run_address>0x20a7e</run_address>
         <size>0x115</size>
         <input_file_ref idref="fl-f6"/>
      </object_component>
      <object_component id="oc-47a">
         <name>.debug_info</name>
         <load_address>0x20b93</load_address>
         <run_address>0x20b93</run_address>
         <size>0xba</size>
      </object_component>
      <object_component id="oc-235">
         <name>.debug_line</name>
         <load_address>0x0</load_address>
         <run_address>0x0</run_address>
         <size>0xc0</size>
         <input_file_ref idref="fl-2"/>
      </object_component>
      <object_component id="oc-b0">
         <name>.debug_line</name>
         <load_address>0xc0</load_address>
         <run_address>0xc0</run_address>
         <size>0x7d</size>
         <input_file_ref idref="fl-2"/>
      </object_component>
      <object_component id="oc-f8">
         <name>.debug_line</name>
         <load_address>0x13d</load_address>
         <run_address>0x13d</run_address>
         <size>0x6f</size>
         <input_file_ref idref="fl-2"/>
      </object_component>
      <object_component id="oc-21a">
         <name>.debug_line</name>
         <load_address>0x1ac</load_address>
         <run_address>0x1ac</run_address>
         <size>0x54</size>
         <input_file_ref idref="fl-2"/>
      </object_component>
      <object_component id="oc-230">
         <name>.debug_line</name>
         <load_address>0x200</load_address>
         <run_address>0x200</run_address>
         <size>0x63</size>
         <input_file_ref idref="fl-2"/>
      </object_component>
      <object_component id="oc-3a4">
         <name>.debug_line</name>
         <load_address>0x263</load_address>
         <run_address>0x263</run_address>
         <size>0x61</size>
         <input_file_ref idref="fl-2"/>
      </object_component>
      <object_component id="oc-120">
         <name>.debug_line</name>
         <load_address>0x2c4</load_address>
         <run_address>0x2c4</run_address>
         <size>0x20</size>
         <input_file_ref idref="fl-2"/>
      </object_component>
      <object_component id="oc-191">
         <name>.debug_line</name>
         <load_address>0x2e4</load_address>
         <run_address>0x2e4</run_address>
         <size>0x73</size>
         <input_file_ref idref="fl-2"/>
      </object_component>
[...]
         <value>0x2a0d</value>
         <object_component_ref idref="oc-ab"/>
      </symbol>
      <symbol id="sm-91">
         <name>Reset_Handler</name>
         <value>0x2db1</value>
         <object_component_ref idref="oc-55"/>
      </symbol>
      <symbol id="sm-92">
         <name>Default_Handler</name>
         <value>0xa6f</value>
         <object_component_ref idref="oc-5b"/>
      </symbol>
      <symbol id="sm-93">
         <name>interruptVectors</name>
         <value>0x3378</value>
         <object_component_ref idref="oc-14"/>
      </symbol>
      <symbol id="sm-a6">
         <name>SystemInit</name>
         <value>0x2439</value>
         <object_component_ref idref="oc-bd"/>
      </symbol>
      <symbol id="sm-c3">
         <name>ADC14_IRQHandler</name>
         <value>0x21a9</value>
         <object_component_ref idref="oc-6d"/>
      </symbol>
      <symbol id="sm-e2">
         <name>PORT1_IRQHandler</name>
         <value>0x2869</value>
         <object_component_ref idref="oc-7f"/>
      </symbol>
      <symbol id="sm-105">
         <name>T32_INT2_IRQHandler</name>
         <value>0x2d05</value>
         <object_component_ref idref="oc-79"/>
      </symbol>
      <symbol id="sm-106">
         <name>T32_INT1_IRQHandler</name>
         <value>0x2ced</value>
         <object_component_ref idref="oc-73"/>
      </symbol>
      <symbol id="sm-12c">
         <name>TIMA2_CAP_STA</name>
         <value>0x316c</value>
         <object_component_ref idref="oc-cc"/>
      </symbol>
      <symbol id="sm-12d">
         <name>TA0_0_IRQHandler</name>
         <value>0x2b0d</value>
         <object_component_ref idref="oc-61"/>
      </symbol>
      <symbol id="sm-12e">
         <name>TA2_N_IRQHandler</name>
         <value>0x1be9</value>
         <object_component_ref idref="oc-67"/>
      </symbol>
      <symbol id="sm-12f">
         <name>TIMA2_CAP_VAL</name>
         <value>0x316e</value>
         <object_component_ref idref="oc-cc"/>
      </symbol>
      <symbol id="sm-156">
         <name>bitPosition</name>
         <value>0x2c01</value>
         <object_component_ref idref="oc-254"/>
      </symbol>
      <symbol id="sm-157">
         <name>eusci_calcBaudDividers</name>
         <value>0xce1</value>
         <object_component_ref idref="oc-1a9"/>
      </symbol>
      <symbol id="sm-16c">
         <name>delay_init</name>
         <value>0x2bb1</value>
         <object_component_ref idref="oc-116"/>
      </symbol>
      <symbol id="sm-17d">
         <name>SysInit</name>
         <value>0x1f3d</value>
         <object_component_ref idref="oc-10a"/>
      </symbol>
      <symbol id="sm-1a4">
         <name>USART0_TX_BUF</name>
         <value>0x2dd8</value>
      </symbol>
      <symbol id="sm-1a5">
         <name>uart_init</name>
         <value>0x26b9</value>
         <object_component_ref idref="oc-110"/>
      </symbol>
      <symbol id="sm-1a6">
         <name>printf</name>
         <value>0x2589</value>
         <object_component_ref idref="oc-d6"/>
      </symbol>
      <symbol id="sm-1d7">
         <name>ADC14_getMultiSequenceResult</name>
         <value>0x276d</value>
         <object_component_ref idref="oc-d0"/>
      </symbol>
      <symbol id="sm-2e5">
         <name>CS_getACLK</name>
         <value>0x2b39</value>
         <object_component_ref idref="oc-24e"/>
      </symbol>
      <symbol id="sm-2e6">
         <name>CS_startLFXT</name>
         <value>0x2d95</value>
         <object_component_ref idref="oc-1a2"/>
      </symbol>
      <symbol id="sm-2e7">
         <name>CS_getMCLK</name>
         <value>0x2b61</value>
         <object_component_ref idref="oc-1b9"/>
      </symbol>
      <symbol id="sm-2e8">
         <name>CS_clearInterruptFlag</name>
         <value>0x2aad</value>
         <object_component_ref idref="oc-306"/>
      </symbol>
      <symbol id="sm-2e9">
         <name>CS_startHFXT</name>
         <value>0x2d5f</value>
         <object_component_ref idref="oc-19c"/>
      </symbol>
      <symbol id="sm-2ea">
         <name>CS_getDCOFrequency</name>
         <value>0x1a0d</value>
         <object_component_ref idref="oc-30c"/>
      </symbol>
      <symbol id="sm-2eb">
         <name>CS_setExternalClockSourceFrequency</name>
         <value>0x2c49</value>
         <object_component_ref idref="oc-196"/>
      </symbol>
      <symbol id="sm-2ec">
         <name>CS_getSMCLK</name>
         <value>0x2b89</value>
         <object_component_ref idref="oc-248"/>
      </symbol>
      <symbol id="sm-2ed">
         <name>CS_startHFXTWithTimeout</name>
         <value>0x1b05</value>
         <object_component_ref idref="oc-23a"/>
      </symbol>
      <symbol id="sm-2ee">
         <name>CS_startLFXTWithTimeout</name>
         <value>0x1ccd</value>
         <object_component_ref idref="oc-241"/>
      </symbol>
      <symbol id="sm-324">
         <name>SysCtl_A_enableNMISource</name>
         <value>0x2cd5</value>
         <object_component_ref idref="oc-2ec"/>
      </symbol>
      <symbol id="sm-325">
         <name>SysCtl_A_getTLVInfo</name>
         <value>0x2115</value>
         <object_component_ref idref="oc-3ac"/>
      </symbol>
      <symbol id="sm-326">
         <name>SysCtl_A_getNMISourceStatus</name>
         <value>0x2d85</value>
         <object_component_ref idref="oc-2da"/>
      </symbol>
      <symbol id="sm-327">
         <name>SysCtl_A_disableNMISource</name>
         <value>0x2cbd</value>
         <object_component_ref idref="oc-2e0"/>
      </symbol>
      <symbol id="sm-331">
         <name>Timer_A_getCaptureCompareCount</name>
         <value>0x2c27</value>
         <object_component_ref idref="oc-c6"/>
      </symbol>
      <symbol id="sm-361">
         <name>UART_transmitData</name>
         <value>0x2a45</value>
         <object_component_ref idref="oc-17c"/>
      </symbol>
      <symbol id="sm-362">
         <name>UART_initModule</name>
         <value>0x15e1</value>
         <object_component_ref idref="oc-1af"/>
      </symbol>
      <symbol id="sm-38a">
         <name>vsprintf</name>
         <value>0x2bd9</value>
         <object_component_ref idref="oc-170"/>
      </symbol>
      <symbol id="sm-3a5">
         <name>memcpy</name>
         <value>0x1fe1</value>
         <object_component_ref idref="oc-25"/>
      </symbol>
      <symbol id="sm-3a6">
         <name>__aeabi_memcpy</name>
         <value>0x1fe1</value>
         <object_component_ref idref="oc-25"/>
      </symbol>
      <symbol id="sm-3a7">
         <name>__aeabi_memcpy8</name>
         <value>0x1fe1</value>
         <object_component_ref idref="oc-25"/>
      </symbol>
      <symbol id="sm-3a8">
         <name>__aeabi_memcpy4</name>
         <value>0x1fe1</value>
         <object_component_ref idref="oc-25"/>
      </symbol>
      <symbol id="sm-3c1">
         <name>__TI_zero_init_nomemset</name>
         <value>0x2c69</value>
         <object_component_ref idref="oc-31"/>
      </symbol>
      <symbol id="sm-3d8">
         <name>__TI_decompress_none</name>
         <value>0x2da3</value>
         <object_component_ref idref="oc-c"/>
      </symbol>
      <symbol id="sm-3fb">
         <name>__TI_decompress_lzss</name>
         <value>0x251f</value>
         <object_component_ref idref="oc-6"/>
      </symbol>
      <symbol id="sm-409">
         <name>strlen</name>
         <value>0x2d4b</value>
         <object_component_ref idref="oc-176"/>
      </symbol>
      <symbol id="sm-41c">
         <name>__stack</name>
         <value>0x3178</value>
         <object_component_ref idref="oc-17"/>
      </symbol>
      <symbol id="sm-41d">
         <name>_c_int00_noargs</name>
         <value>0x2a79</value>
         <object_component_ref idref="oc-43"/>
      </symbol>
      <symbol id="sm-582">
         <name>__TI_printfi</name>
         <value>0x21</value>
         <object_component_ref idref="oc-1f9"/>
      </symbol>
      <symbol id="sm-5a2">
         <name>frexpl</name>
         <value>0x25f1</value>
         <object_component_ref idref="oc-36d"/>
      </symbol>
      <symbol id="sm-5a3">
         <name>frexp</name>
         <value>0x25f1</value>
         <object_component_ref idref="oc-36d"/>
      </symbol>
      <symbol id="sm-5c0">
         <name>scalbn</name>
         <value>0x16fd</value>
         <object_component_ref idref="oc-373"/>
      </symbol>
      <symbol id="sm-5c1">
         <name>scalbnl</name>
         <value>0x16fd</value>
         <object_component_ref idref="oc-373"/>
      </symbol>
      <symbol id="sm-5c2">
         <name>ldexpl</name>
         <value>0x16fd</value>
         <object_component_ref idref="oc-373"/>
      </symbol>
      <symbol id="sm-5c3">
         <name>ldexp</name>
         <value>0x16fd</value>
         <object_component_ref idref="oc-373"/>
      </symbol>
      <symbol id="sm-5dc">
         <name>wcslen</name>
         <value>0x2d71</value>
         <object_component_ref idref="oc-2b9"/>
      </symbol>
      <symbol id="sm-5f3">
         <name>__aeabi_dsub</name>
         <value>0x1091</value>
         <object_component_ref idref="oc-34d"/>
      </symbol>
      <symbol id="sm-5f4">
         <name>__aeabi_dadd</name>
         <value>0x109b</value>
         <object_component_ref idref="oc-34d"/>
      </symbol>
      <symbol id="sm-616">
         <name>__aeabi_cdcmpeq</name>
         <value>0x2235</value>
         <object_component_ref idref="oc-296"/>
      </symbol>
      <symbol id="sm-617">
         <name>__aeabi_cdcmple</name>
         <value>0x2235</value>
         <object_component_ref idref="oc-296"/>
      </symbol>
      <symbol id="sm-618">
         <name>__aeabi_cdrcmple</name>
         <value>0x22bb</value>
         <object_component_ref idref="oc-338"/>
      </symbol>
      <symbol id="sm-62c">
         <name>__aeabi_ddiv</name>
         <value>0x1385</value>
         <object_component_ref idref="oc-333"/>
      </symbol>
      <symbol id="sm-637">
         <name>__aeabi_dmul</name>
         <value>0x1911</value>
         <object_component_ref idref="oc-32e"/>
      </symbol>
      <symbol id="sm-641">
         <name>__aeabi_d2iz</name>
         <value>0x2901</value>
         <object_component_ref idref="oc-33d"/>
      </symbol>
      <symbol id="sm-64b">
         <name>__aeabi_i2d</name>
         <value>0x2add</value>
         <object_component_ref idref="oc-348"/>
      </symbol>
      <symbol id="sm-658">
         <name>__aeabi_uldivmod</name>
         <value>0x207d</value>
         <object_component_ref idref="oc-327"/>
      </symbol>
      <symbol id="sm-667">
         <name>__aeabi_memset</name>
         <value>0x23bf</value>
         <object_component_ref idref="oc-9f"/>
      </symbol>
      <symbol id="sm-668">
         <name>memset</name>
         <value>0x23c5</value>
         <object_component_ref idref="oc-9f"/>
      </symbol>
      <symbol id="sm-669">
         <name>__aeabi_memset8</name>
         <value>0x23bf</value>
         <object_component_ref idref="oc-9f"/>
      </symbol>
      <symbol id="sm-66a">
         <name>__aeabi_memset4</name>
         <value>0x23bf</value>
         <object_component_ref idref="oc-9f"/>
      </symbol>
      <symbol id="sm-66b">
         <name>__aeabi_memclr8</name>
         <value>0x23bd</value>
         <object_component_ref idref="oc-9f"/>
      </symbol>
      <symbol id="sm-66c">
         <name>__aeabi_memclr4</name>
         <value>0x23bd</value>
         <object_component_ref idref="oc-9f"/>
      </symbol>
      <symbol id="sm-66d">
         <name>__aeabi_memclr</name>
         <value>0x23bd</value>
         <object_component_ref idref="oc-9f"/>
      </symbol>
      <symbol id="sm-695">
         <name>__TI_auto_init_nobinit_nopinit</name>
         <value>0x2949</value>
         <object_component_ref idref="oc-12e"/>
      </symbol>
      <symbol id="sm-69f">
         <name>_system_pre_init</name>
         <value>0x2dd1</value>
         <object_component_ref idref="oc-a5"/>
      </symbol>
      <symbol id="sm-6ab">
         <name>C$$EXIT</name>
         <value>0x2dd5</value>
         <object_component_ref idref="oc-122"/>
      </symbol>
      <symbol id="sm-6ac">
         <name>abort</name>
         <value>0x2dd5</value>
         <object_component_ref idref="oc-122"/>
      </symbol>
      <symbol id="sm-6bc">
         <name>__TI_ltoa</name>
         <value>0x27c1</value>
         <object_component_ref idref="oc-342"/>
      </symbol>
      <symbol id="sm-6d3">
         <name>atoi</name>
         <value>0x28b5</value>
         <object_component_ref idref="oc-28a"/>
      </symbol>
      <symbol id="sm-6de">
         <name>_ctypes_</name>
         <value>0x303c</value>
         <object_component_ref idref="oc-322"/>
      </symbol>
      <symbol id="sm-6ee">
         <name>memccpy</name>
         <value>0x2c85</value>
         <object_component_ref idref="oc-2b3"/>
      </symbol>
      <symbol id="sm-6fe">
         <name>strchr</name>
         <value>0x2d35</value>
         <object_component_ref idref="oc-379"/>
      </symbol>
      <symbol id="sm-714">
         <name>__aeabi_errno_addr</name>
         <value>0x2dc9</value>
         <object_component_ref idref="oc-2bf"/>
      </symbol>
      <symbol id="sm-715">
         <name>errno</name>
         <value>0x3168</value>
         <object_component_ref idref="oc-389"/>
      </symbol>
      <symbol id="sm-71f">
         <name>copysign</name>
         <value>0x2ca1</value>
         <object_component_ref idref="oc-3d8"/>
      </symbol>
      <symbol id="sm-720">
         <name>copysignl</name>
         <value>0x2ca1</value>
         <object_component_ref idref="oc-3d8"/>
      </symbol>
      <symbol id="sm-72a">
         <name>__aeabi_idiv0</name>
         <value>0x1247</value>
         <object_component_ref idref="oc-3bf"/>
      </symbol>
      <symbol id="sm-72b">
         <name>__aeabi_ldiv0</name>
         <value>0x1247</value>
         <object_component_ref idref="oc-3bf"/>
      </symbol>
      <symbol id="sm-72c">
         <name>__TI_static_base__</name>
         <value>0x3460</value>
      </symbol>
      <symbol id="sm-72f">
         <name>__mpu_init</name>
         <value>0x0</value>
      </symbol>
      <symbol id="sm-730">
         <name>_system_post_cinit</name>
         <value>0x0</value>
      </symbol>
      <symbol id="sm-731">
         <name>NMI_Handler</name>
         <value>0xa6f</value>
      </symbol>
      <symbol id="sm-732">
         <name>HardFault_Handler</name>
         <value>0xa6f</value>
      </symbol>
      <symbol id="sm-733">
         <name>MemManage_Handler</name>
         <value>0xa6f</value>
      </symbol>
      <symbol id="sm-734">
         <name>BusFault_Handler</name>
         <value>0xa6f</value>
      </symbol>
      <symbol id="sm-735">
         <name>UsageFault_Handler</name>
         <value>0xa6f</value>
      </symbol>
      <symbol id="sm-736">
         <name>SVC_Handler</name>
         <value>0xa6f</value>
      </symbol>
      <symbol id="sm-737">
         <name>DebugMon_Handler</name>
         <value>0xa6f</value>
      </symbol>
      <symbol id="sm-738">
         <name>PendSV_Handler</name>
         <value>0xa6f</value>
      </symbol>
      <symbol id="sm-739">
         <name>SysTick_Handler</name>
         <value>0xa6f</value>
      </symbol>
      <symbol id="sm-73a">
         <name>PSS_IRQHandler</name>
         <value>0xa6f</value>
      </symbol>
      <symbol id="sm-73b">
         <name>CS_IRQHandler</name>
         <value>0xa6f</value>
      </symbol>
      <symbol id="sm-73c">
         <name>PCM_IRQHandler</name>
         <value>0xa6f</value>
      </symbol>
      <symbol id="sm-73d">
         <name>WDT_A_IRQHandler</name>
         <value>0xa6f</value>
      </symbol>
      <symbol id="sm-73e">
         <name>FPU_IRQHandler</name>
         <value>0xa6f</value>
      </symbol>
      <symbol id="sm-73f">
         <name>FLCTL_IRQHandler</name>
         <value>0xa6f</value>
      </symbol>
      <symbol id="sm-740">
         <name>COMP_E0_IRQHandler</name>
         <value>0xa6f</value>
      </symbol>
      <symbol id="sm-741">
         <name>COMP_E1_IRQHandler</name>
         <value>0xa6f</value>
      </symbol>
      <symbol id="sm-742">
         <name>TA0_0_IRQHandler</name>
         <value>0x2b0d</value>
      </symbol>
      <symbol id="sm-743">
         <name>TA0_N_IRQHandler</name>
         <value>0xa6f</value>
      </symbol>
      <symbol id="sm-744">
         <name>TA1_0_IRQHandler</name>
         <value>0xa6f</value>
      </symbol>
      <symbol id="sm-745">
         <name>TA1_N_IRQHandler</name>
         <value>0xa6f</value>
      </symbol>
      <symbol id="sm-746">
         <name>TA2_0_IRQHandler</name>
         <value>0xa6f</value>
      </symbol>
      <symbol id="sm-747">
         <name>TA2_N_IRQHandler</name>
         <value>0x1be9</value>
      </symbol>
      <symbol id="sm-748">
         <name>TA3_0_IRQHandler</name>
         <value>0xa6f</value>
      </symbol>
      <symbol id="sm-749">
         <name>TA3_N_IRQHandler</name>
         <value>0xa6f</value>
      </symbol>
      <symbol id="sm-74a">
         <name>EUSCIA0_IRQHandler</name>
         <value>0xa6f</value>
      </symbol>
      <symbol id="sm-74b">
         <name>EUSCIA1_IRQHandler</name>
         <value>0xa6f</value>
      </symbol>
      <symbol id="sm-74c">
         <name>EUSCIA2_IRQHandler</name>
         <value>0xa6f</value>
      </symbol>
      <symbol id="sm-74d">
         <name>EUSCIA3_IRQHandler</name>
         <value>0xa6f</value>
      </symbol>
      <symbol id="sm-74e">
         <name>EUSCIB0_IRQHandler</name>
         <value>0xa6f</value>
      </symbol>
      <symbol id="sm-74f">
         <name>EUSCIB1_IRQHandler</name>
         <value>0xa6f</value>
      </symbol>
      <symbol id="sm-750">
         <name>EUSCIB2_IRQHandler</name>
         <value>0xa6f</value>
      </symbol>
      <symbol id="sm-751">
         <name>EUSCIB3_IRQHandler</name>
         <value>0xa6f</value>
      </symbol>
      <symbol id="sm-752">
         <name>ADC14_IRQHandler</name>
         <value>0x21a9</value>
      </symbol>
      <symbol id="sm-753">
         <name>T32_INT1_IRQHandler</name>
         <value>0x2ced</value>
      </symbol>
      <symbol id="sm-754">
         <name>T32_INT2_IRQHandler</name>
         <value>0x2d05</value>
      </symbol>
      <symbol id="sm-755">
         <name>T32_INTC_IRQHandler</name>
         <value>0xa6f</value>
      </symbol>
      <symbol id="sm-756">
         <name>AES256_IRQHandler</name>
         <value>0xa6f</value>
      </symbol>
      <symbol id="sm-757">
         <name>RTC_C_IRQHandler</name>
         <value>0xa6f</value>
      </symbol>
      <symbol id="sm-758">
         <name>DMA_ERR_IRQHandler</name>
         <value>0xa6f</value>
      </symbol>
      <symbol id="sm-759">
         <name>DMA_INT3_IRQHandler</name>
         <value>0xa6f</value>
      </symbol>
      <symbol id="sm-75a">
         <name>DMA_INT2_IRQHandler</name>
         <value>0xa6f</value>
      </symbol>
      <symbol id="sm-75b">
         <name>DMA_INT1_IRQHandler</name>
         <value>0xa6f</value>
      </symbol>
      <symbol id="sm-75c">
         <name>DMA_INT0_IRQHandler</name>
         <value>0xa6f</value>
      </symbol>
      <symbol id="sm-75d">
         <name>PORT1_IRQHandler</name>
         <value>0x2869</value>
      </symbol>
      <symbol id="sm-75e">
         <name>PORT2_IRQHandler</name>
         <value>0xa6f</value>
      </symbol>
      <symbol id="sm-75f">
         <name>PORT3_IRQHandler</name>
         <value>0xa6f</value>
      </symbol>
      <symbol id="sm-760">
         <name>PORT4_IRQHandler</name>
         <value>0xa6f</value>
      </symbol>
      <symbol id="sm-761">
         <name>PORT5_IRQHandler</name>
         <value>0xa6f</value>
      </symbol>
      <symbol id="sm-762">
         <name>PORT6_IRQHandler</name>
         <value>0xa6f</value>
      </symbol>
   </symbol_table>
   <title>Link successful</title>
</link_info>
